
   PASS  Tests\Unit\ExampleTest
  Γ£ô that true is true                                                    0.02s  

   PASS  Tests\Feature\Auth\AuthenticationTest
  Γ£ô login screen can be rendered                                         8.70s  
  Γ£ô users can authenticate using the login screen                        1.15s  
  Γ£ô users can not authenticate with invalid password                     0.66s  
  Γ£ô users can logout                                                     0.29s  

   PASS  Tests\Feature\Auth\EmailVerificationTest
  Γ£ô email verification screen can be rendered                            0.46s  
  Γ£ô email can be verified                                                0.56s  
  Γ£ô email is not verified with invalid hash                              0.35s  

   PASS  Tests\Feature\Auth\PasswordConfirmationTest
  Γ£ô confirm password screen can be rendered                              0.34s  
  Γ£ô password can be confirmed                                            0.36s  
  Γ£ô password is not confirmed with invalid password                      0.65s  

   PASS  Tests\Feature\Auth\PasswordResetTest
  Γ£ô reset password link screen can be rendered                           0.43s  
  Γ£ô reset password link can be requested                                 0.53s  
  Γ£ô reset password screen can be rendered                                0.67s  
  Γ£ô password can be reset with valid token                               0.72s  

   PASS  Tests\Feature\Auth\PasswordUpdateTest
  Γ£ô password can be updated                                              0.41s  
  Γ£ô correct password must be provided to update password                 0.39s  

   PASS  Tests\Feature\Auth\RegistrationTest
  Γ£ô registration screen can be rendered                                  0.44s  
  Γ£ô new users can register                                               0.28s  

   PASS  Tests\Feature\ExampleTest
  Γ£ô the application returns a successful response                        0.27s  

   PASS  Tests\Feature\HomeRouteTest
  Γ£ô root redirects to login                                              0.17s  

   PASS  Tests\Feature\ProfileTest
  Γ£ô profile page is displayed                                            0.53s  
  Γ£ô profile information can be updated                                   0.20s  
  Γ£ô email verification status is unchanged when the email address is unΓÇª 0.37s  
  Γ£ô user can delete their account                                        0.30s  
  Γ£ô correct password must be provided to delete account                  0.38s  

  Tests:    26 passed (64 assertions)
  Duration: 32.33s

